// Jest Snapshot v1, https://goo.gl/fbAQLP

exports[`LobbyPage should be LobbyPage 1`] = `
<div
  class="app"
>
  <nav
    class="primary toolbar toolbar--fixed theme--dark"
    style="margin-top: 0px;"
  >
    <div
      class="toolbar__content"
      style="height: 56px;"
    >
      <img
        src="/img/nekokoro32.png"
      />
      <div
        class="toolbar__title"
      >
        ねこ卓
      </div>
      <div
        class="spacer"
      />
      <div
        class="menu mr-0"
        style="display: inline-block;"
      >
        <div
          class="menu__activator"
        >
          <button
            class="btn btn--icon"
            data-ripple="true"
            type="button"
          >
            <div
              class="btn__content"
            >
              <i
                aria-hidden="true"
                class="material-icons icon"
              >
                more_vert
              </i>
            </div>
          </button>
        </div>
        <div
          class="menu__content"
          style="max-height: auto; min-width: 0px; max-width: auto; top: 12px; left: 0px; z-index: 0; display: none;"
        >
          <ul
            class="pt-0 list"
            data-uid="6"
          >
            <li>
              <a
                class="list__tile list__tile--link"
                data-ripple="false"
              >
                <div
                  class="list__tile__action"
                >
                  <i
                    aria-hidden="true"
                    class="material-icons icon"
                  >
                    star
                  </i>
                </div>
                <div
                  class="list__tile__content"
                >
                  <div
                    class="list__tile__title"
                  >
                    フィードバック
                  </div>
                </div>
              </a>
            </li>
            <li>
              <a
                class="list__tile list__tile--link"
                data-ripple="false"
              >
                <div
                  class="list__tile__action"
                >
                  <i
                    aria-hidden="true"
                    class="mdi icon mdi-update"
                  />
                </div>
                <div
                  class="list__tile__content"
                >
                  <div
                    class="list__tile__title"
                  >
                    更新履歴
                  </div>
                </div>
              </a>
            </li>
          </ul>
        </div>
      </div>
    </div>
  </nav>
  <main>
    <div
      class="container fluid grid-list-md"
    >
      <div
        class="layout row wrap pb-5"
      >
        <div
          class="flex pa-2 xs12"
        >
          <div
            class="input-group input-group--append-icon input-group--hide-details input-group--text-field input-group--single-line primary--text"
          >
            <label>
              検索
            </label>
            <div
              class="input-group__input"
            >
              <input
                aria-label="検索"
                tabindex="0"
                type="text"
              />
              <i
                aria-hidden="true"
                class="material-icons icon input-group__append-icon"
              >
                search
              </i>
            </div>
            <div
              class="input-group__details"
            />
          </div>
        </div>
        <div
          class="flex sm12 md6"
        >
          <div
            class="card"
            data-ripple="false"
            style="height: auto;"
          >
            <div
              class="card__title card__title--primary"
            >
              <div
                class="layout row"
              >
                <!---->
                <div
                  class="headline"
                >
                  卓01 (パスワード:pass)
                </div>
              </div>
            </div>
            <div
              class="card__text pa-0"
            >
              <div
                class="room-list-info"
              >
                <div
                  class="dialog__container"
                  style="display: block;"
                >
                  <div
                    class="dialog__content"
                    style="z-index: 0;"
                    tabindex="-1"
                  >
                    <div
                      class="dialog"
                      style="display: none;"
                    >
                      <div
                        class="card"
                        data-ripple="false"
                        style="height: auto;"
                      >
                        <div
                          class="card__title"
                        >
                          <span
                            class="headline"
                          >
                            ソードワールド2.0
                          </span>
                        </div>
                        <div
                          class="card__text neko-scroll"
                        />
                        <div
                          class="card__actions"
                        >
                          <div
                            class="spacer"
                          />
                          <button
                            class="btn"
                            data-ripple="true"
                            type="button"
                          >
                            <div
                              class="btn__content"
                            >
                              閉じる
                            </div>
                          </button>
                        </div>
                      </div>
                    </div>
                  </div>
                </div>
                <span
                  class="chip pl-0 mr-0 indigo chip--small"
                  tabindex="0"
                >
                  <span
                    class="chip__content"
                  >
                    <i
                      aria-hidden="true"
                      class="mdi icon mx-1 theme--dark mdi-dice-multiple"
                    />
                    <span
                      class="white--text"
                    >
                      ソードワールド2.0
                    </span>
                  </span>
                </span>
                <span
                  class="chip pl-0 mr-0 green chip--small"
                  tabindex="0"
                >
                  <span
                    class="chip__content"
                  >
                    <i
                      aria-hidden="true"
                      class="mdi icon mx-1 theme--dark mdi-account-multiple"
                    />
                    <span
                      class="white--text"
                    >
                      3
                    </span>
                  </span>
                </span>
                <span
                  class="chip pl-0 mr-0 orange chip--small"
                  tabindex="0"
                >
                  <span
                    class="chip__content"
                  >
                    <i
                      aria-hidden="true"
                      class="mdi icon mx-1 theme--dark mdi-clock"
                    />
                    <span
                      class="white--text"
                    >
                      2017年9月23日 15:00
                    </span>
                  </span>
                </span>
              </div>
            </div>
            <div
              class="card__actions"
            >
              <div
                class="spacer"
              />
              <a
                class="btn btn--router primary"
                data-ripple="true"
              />
            </div>
          </div>
        </div>
        <div
          class="flex sm12 md6"
        >
          <div
            class="card"
            data-ripple="false"
            style="height: auto;"
          >
            <div
              class="card__title card__title--primary"
            >
              <div
                class="layout row"
              >
                <!---->
                <div
                  class="headline"
                >
                  卓02
                </div>
              </div>
            </div>
            <div
              class="card__text pa-0"
            >
              <div
                class="room-list-info"
              >
                <div
                  class="dialog__container"
                  style="display: block;"
                >
                  <div
                    class="dialog__content"
                    style="z-index: 0;"
                    tabindex="-1"
                  >
                    <div
                      class="dialog"
                      style="display: none;"
                    >
                      <div
                        class="card"
                        data-ripple="false"
                        style="height: auto;"
                      >
                        <div
                          class="card__title"
                        >
                          <span
                            class="headline"
                          >
                            ソードワールド2.0
                          </span>
                        </div>
                        <div
                          class="card__text neko-scroll"
                        />
                        <div
                          class="card__actions"
                        >
                          <div
                            class="spacer"
                          />
                          <button
                            class="btn"
                            data-ripple="true"
                            type="button"
                          >
                            <div
                              class="btn__content"
                            >
                              閉じる
                            </div>
                          </button>
                        </div>
                      </div>
                    </div>
                  </div>
                </div>
                <span
                  class="chip pl-0 mr-0 indigo chip--small"
                  tabindex="0"
                >
                  <span
                    class="chip__content"
                  >
                    <i
                      aria-hidden="true"
                      class="mdi icon mx-1 theme--dark mdi-dice-multiple"
                    />
                    <span
                      class="white--text"
                    >
                      ソードワールド2.0
                    </span>
                  </span>
                </span>
                <span
                  class="chip pl-0 mr-0 green chip--small"
                  tabindex="0"
                >
                  <span
                    class="chip__content"
                  >
                    <i
                      aria-hidden="true"
                      class="mdi icon mx-1 theme--dark mdi-account-multiple"
                    />
                    <span
                      class="white--text"
                    >
                      3
                    </span>
                  </span>
                </span>
                <span
                  class="chip pl-0 mr-0 orange chip--small"
                  tabindex="0"
                >
                  <span
                    class="chip__content"
                  >
                    <i
                      aria-hidden="true"
                      class="mdi icon mx-1 theme--dark mdi-clock"
                    />
                    <span
                      class="white--text"
                    >
                      2017年9月23日 15:00
                    </span>
                  </span>
                </span>
              </div>
            </div>
            <div
              class="card__actions"
            >
              <div
                class="spacer"
              />
              <a
                class="btn btn--router primary"
                data-ripple="true"
              />
            </div>
          </div>
        </div>
        <div
          class="flex sm12 md6"
        >
          <div
            class="card"
            data-ripple="false"
            style="height: auto;"
          >
            <div
              class="card__title card__title--primary"
            >
              <div
                class="layout row"
              >
                <!---->
                <div
                  class="headline"
                >
                  卓03
                </div>
              </div>
            </div>
            <div
              class="card__text pa-0"
            >
              <div
                class="room-list-info"
              >
                <div
                  class="dialog__container"
                  style="display: block;"
                >
                  <div
                    class="dialog__content"
                    style="z-index: 0;"
                    tabindex="-1"
                  >
                    <div
                      class="dialog"
                      style="display: none;"
                    >
                      <div
                        class="card"
                        data-ripple="false"
                        style="height: auto;"
                      >
                        <div
                          class="card__title"
                        >
                          <span
                            class="headline"
                          >
                            クトゥルフ第7版
                          </span>
                        </div>
                        <div
                          class="card__text neko-scroll"
                        />
                        <div
                          class="card__actions"
                        >
                          <div
                            class="spacer"
                          />
                          <button
                            class="btn"
                            data-ripple="true"
                            type="button"
                          >
                            <div
                              class="btn__content"
                            >
                              閉じる
                            </div>
                          </button>
                        </div>
                      </div>
                    </div>
                  </div>
                </div>
                <span
                  class="chip pl-0 mr-0 indigo chip--small"
                  tabindex="0"
                >
                  <span
                    class="chip__content"
                  >
                    <i
                      aria-hidden="true"
                      class="mdi icon mx-1 theme--dark mdi-dice-multiple"
                    />
                    <span
                      class="white--text"
                    >
                      クトゥルフ第7版
                    </span>
                  </span>
                </span>
                <span
                  class="chip pl-0 mr-0 green chip--small"
                  tabindex="0"
                >
                  <span
                    class="chip__content"
                  >
                    <i
                      aria-hidden="true"
                      class="mdi icon mx-1 theme--dark mdi-account-multiple"
                    />
                    <span
                      class="white--text"
                    >
                      3
                    </span>
                  </span>
                </span>
                <span
                  class="chip pl-0 mr-0 orange chip--small"
                  tabindex="0"
                >
                  <span
                    class="chip__content"
                  >
                    <i
                      aria-hidden="true"
                      class="mdi icon mx-1 theme--dark mdi-clock"
                    />
                    <span
                      class="white--text"
                    >
                      2017年9月23日 15:00
                    </span>
                  </span>
                </span>
              </div>
            </div>
            <div
              class="card__actions"
            >
              <div
                class="spacer"
              />
              <a
                class="btn btn--router primary"
                data-ripple="true"
              />
            </div>
          </div>
        </div>
      </div>
    </div>
    <div
      class="dialog__container"
      style="display: inline-block;"
    >
      <div
        class="dialog__activator"
      >
        <button
          class="btn btn--bottom btn--floating btn--fixed btn--right theme--dark primary"
          data-ripple="true"
          type="button"
        >
          <div
            class="btn__content"
          >
            <i
              aria-hidden="true"
              class="material-icons icon"
            >
              add
            </i>
          </div>
        </button>
      </div>
      <div
        class="dialog__content"
        style="z-index: 0;"
        tabindex="-1"
      >
        <div
          class="dialog"
          style="display: none;"
        >
          <div
            class="card"
            data-ripple="false"
            style="height: auto;"
          >
            <div
              class="card__title"
            >
              <span
                class="headline"
              >
                卓作成
              </span>
            </div>
            <div
              class="card__text"
            >
              <form
                novalidate="novalidate"
              >
                <div
                  class="input-group input-group--required input-group--text-field primary--text"
                >
                  <label>
                    タイトル
                  </label>
                  <div
                    class="input-group__input"
                  >
                    <input
                      aria-label="タイトル"
                      required=""
                      tabindex="0"
                      type="text"
                    />
                  </div>
                  <div
                    class="input-group__details"
                  >
                    <div
                      class="input-group__messages"
                    />
                  </div>
                </div>
                <div
                  class="input-group input-group--append-icon input-group--required input-group--text-field input-group--select input-group--autocomplete primary--text"
                  tabindex="-1"
                >
                  <label>
                    ダイスの種類
                  </label>
                  <div
                    class="input-group__input"
                  >
                    <div
                      class="input-group__selections"
                      style="overflow: hidden;"
                    >
                      <input
                        autocomplete="on"
                        class="input-group--select__autocomplete"
                        role="combobox"
                        tabindex="0"
                      />
                    </div>
                    <div
                      class="menu"
                      style="display: inline-block;"
                    >
                      <div
                        class="menu__content menu__content--select   menu__content--autocomplete"
                        style="max-height: 300px; min-width: 0px; max-width: auto; top: 12px; left: 0px; z-index: 0; display: none;"
                      >
                        <div
                          class="card"
                          data-ripple="false"
                          style="height: auto;"
                        >
                          <ul
                            class="list"
                            data-uid="59"
                          >
                            <li>
                              <a
                                class="list__tile list__tile--link"
                                data-ripple="true"
                              >
                                <div
                                  class="list__tile__content"
                                >
                                  <div
                                    class="list__tile__title"
                                  >
                                    エースキラージーン
                                  </div>
                                </div>
                              </a>
                            </li>
                            <li>
                              <a
                                class="list__tile list__tile--link"
                                data-ripple="true"
                              >
                                <div
                                  class="list__tile__content"
                                >
                                  <div
                                    class="list__tile__title"
                                  >
                                    朱の孤塔のエアゲトラム
                                  </div>
                                </div>
                              </a>
                            </li>
                            <li>
                              <a
                                class="list__tile list__tile--link"
                                data-ripple="true"
                              >
                                <div
                                  class="list__tile__content"
                                >
                                  <div
                                    class="list__tile__title"
                                  >
                                    詩片のアルセット
                                  </div>
                                </div>
                              </a>
                            </li>
                            <li>
                              <a
                                class="list__tile list__tile--link"
                                data-ripple="true"
                              >
                                <div
                                  class="list__tile__content"
                                >
                                  <div
                                    class="list__tile__title"
                                  >
                                    アルシャード
                                  </div>
                                </div>
                              </a>
                            </li>
                            <li>
                              <a
                                class="list__tile list__tile--link"
                                data-ripple="true"
                              >
                                <div
                                  class="list__tile__content"
                                >
                                  <div
                                    class="list__tile__title"
                                  >
                                    アマデウス
                                  </div>
                                </div>
                              </a>
                            </li>
                            <li>
                              <a
                                class="list__tile list__tile--link"
                                data-ripple="true"
                              >
                                <div
                                  class="list__tile__content"
                                >
                                  <div
                                    class="list__tile__title"
                                  >
                                    아마데우스
                                  </div>
                                </div>
                              </a>
                            </li>
                            <li>
                              <a
                                class="list__tile list__tile--link"
                                data-ripple="true"
                              >
                                <div
                                  class="list__tile__content"
                                >
                                  <div
                                    class="list__tile__title"
                                  >
                                    アリアンロッド
                                  </div>
                                </div>
                              </a>
                            </li>
                            <li>
                              <a
                                class="list__tile list__tile--link"
                                data-ripple="true"
                              >
                                <div
                                  class="list__tile__content"
                                >
                                  <div
                                    class="list__tile__title"
                                  >
                                    アルスマギカ
                                  </div>
                                </div>
                              </a>
                            </li>
                            <li>
                              <a
                                class="list__tile list__tile--link"
                                data-ripple="true"
                              >
                                <div
                                  class="list__tile__content"
                                >
                                  <div
                                    class="list__tile__title"
                                  >
                                    黒絢のアヴァンドナー
                                  </div>
                                </div>
                              </a>
                            </li>
                            <li>
                              <a
                                class="list__tile list__tile--link"
                                data-ripple="true"
                              >
                                <div
                                  class="list__tile__content"
                                >
                                  <div
                                    class="list__tile__title"
                                  >
                                    犯罪活劇RPGバッドライフ
                                  </div>
                                </div>
                              </a>
                            </li>
                            <li>
                              <a
                                class="list__tile list__tile--link"
                                data-ripple="true"
                              >
                                <div
                                  class="list__tile__content"
                                >
                                  <div
                                    class="list__tile__title"
                                  >
                                    バルナ・クロニカ
                                  </div>
                                </div>
                              </a>
                            </li>
                            <li>
                              <a
                                class="list__tile list__tile--link"
                                data-ripple="true"
                              >
                                <div
                                  class="list__tile__content"
                                >
                                  <div
                                    class="list__tile__title"
                                  >
                                    バトルテック
                                  </div>
                                </div>
                              </a>
                            </li>
                            <li>
                              <a
                                class="list__tile list__tile--link"
                                data-ripple="true"
                              >
                                <div
                                  class="list__tile__content"
                                >
                                  <div
                                    class="list__tile__title"
                                  >
                                    ビーストバインド トリニティ
                                  </div>
                                </div>
                              </a>
                            </li>
                            <li>
                              <a
                                class="list__tile list__tile--link"
                                data-ripple="true"
                              >
                                <div
                                  class="list__tile__content"
                                >
                                  <div
                                    class="list__tile__title"
                                  >
                                    ビギニングアイドル
                                  </div>
                                </div>
                              </a>
                            </li>
                            <li>
                              <a
                                class="list__tile list__tile--link"
                                data-ripple="true"
                              >
                                <div
                                  class="list__tile__content"
                                >
                                  <div
                                    class="list__tile__title"
                                  >
                                    비기닝 아이돌
                                  </div>
                                </div>
                              </a>
                            </li>
                            <li>
                              <a
                                class="list__tile list__tile--link"
                                data-ripple="true"
                              >
                                <div
                                  class="list__tile__content"
                                >
                                  <div
                                    class="list__tile__title"
                                  >
                                    ブレイド・オブ・アルカナ
                                  </div>
                                </div>
                              </a>
                            </li>
                            <li>
                              <a
                                class="list__tile list__tile--link"
                                data-ripple="true"
                              >
                                <div
                                  class="list__tile__content"
                                >
                                  <div
                                    class="list__tile__title"
                                  >
                                    ブラインド・ミトス
                                  </div>
                                </div>
                              </a>
                            </li>
                            <li>
                              <a
                                class="list__tile list__tile--link"
                                data-ripple="true"
                              >
                                <div
                                  class="list__tile__content"
                                >
                                  <div
                                    class="list__tile__title"
                                  >
                                    ブラッド・クルセイド
                                  </div>
                                </div>
                              </a>
                            </li>
                            <li>
                              <a
                                class="list__tile list__tile--link"
                                data-ripple="true"
                              >
                                <div
                                  class="list__tile__content"
                                >
                                  <div
                                    class="list__tile__title"
                                  >
                                    ブラッド・ムーン
                                  </div>
                                </div>
                              </a>
                            </li>
                            <li>
                              <a
                                class="list__tile list__tile--link"
                                data-ripple="true"
                              >
                                <div
                                  class="list__tile__content"
                                >
                                  <div
                                    class="list__tile__title"
                                  >
                                    カードランカー
                                  </div>
                                </div>
                              </a>
                            </li>
                          </ul>
                        </div>
                      </div>
                    </div>
                    <i
                      aria-hidden="true"
                      class="material-icons icon input-group__append-icon input-group__icon-cb"
                    >
                      arrow_drop_down
                    </i>
                  </div>
                  <div
                    class="input-group__details"
                  >
                    <div
                      class="input-group__messages"
                    />
                  </div>
                </div>
              </form>
              <form>
                <div
                  class="input-group input-group--placeholder input-group--text-field primary--text"
                >
                  <label>
                    パスワード
                  </label>
                  <div
                    class="input-group__input"
                  >
                    <input
                      aria-label="パスワード"
                      placeholder="空欄で公開卓"
                      tabindex="0"
                      type="password"
                    />
                  </div>
                  <div
                    class="input-group__details"
                  >
                    <div
                      class="input-group__messages"
                    />
                  </div>
                </div>
                <!---->
                <div
                  class="input-group input-group--placeholder input-group--text-field primary--text"
                >
                  <label>
                    キャラクター属性
                  </label>
                  <div
                    class="input-group__input"
                  >
                    <input
                      aria-label="キャラクター属性"
                      placeholder="例: HP,MP,SP"
                      tabindex="0"
                      type="text"
                    />
                  </div>
                  <div
                    class="input-group__details"
                  >
                    <div
                      class="input-group__messages"
                    />
                  </div>
                </div>
              </form>
            </div>
            <div
              class="card__actions"
            >
              <div
                class="spacer"
              />
              <button
                class="btn btn--disabled primary"
                data-ripple="true"
                disabled="disabled"
                type="button"
              >
                <div
                  class="btn__content"
                >
                  作成
                </div>
              </button>
              <button
                class="btn"
                data-ripple="true"
                type="button"
              >
                <div
                  class="btn__content"
                >
                  キャンセル
                </div>
              </button>
            </div>
          </div>
        </div>
      </div>
    </div>
  </main>
  <div
    class="dialog__container"
    style="display: block;"
  >
    <div
      class="dialog__content"
      style="z-index: 0;"
      tabindex="-1"
    >
      <div
        class="dialog"
        style="display: none;"
      >
        <div
          class="card"
          data-ripple="false"
          style="height: auto;"
        >
          <div
            class="card__text"
          >
            <div
              class="loading-container"
            >
              <div
                class="primary--text progress-circular progress-circular--indeterminate"
                style="height: 50px; width: 50px;"
              >
                <svg
                  viewBox="25 25 50 50"
                  xmlns="http://www.w3.org/2000/svg"
                >
                  <circle
                    class="progress-circular__overlay"
                    cx="50"
                    cy="50"
                    fill="transparent"
                    r="20"
                    stroke-dasharray="125.664"
                    stroke-dashoffset="125.66370614359172px"
                    stroke-width="4"
                  />
                </svg>
                <div
                  class="progress-circular__info"
                />
              </div>
              <div
                class="py-2"
              >
                なう、ろーでぃんぐ。
              </div>
            </div>
          </div>
          <div
            class="card__actions"
          >
            <div
              class="spacer"
            />
            <button
              class="btn primary"
              data-ripple="true"
              type="button"
            >
              <div
                class="btn__content"
              >
                閉じる
              </div>
            </button>
          </div>
        </div>
      </div>
    </div>
  </div>
  <div
    class="dialog__container"
    style="display: block;"
  >
    <div
      class="dialog__content"
      style="z-index: 0;"
      tabindex="-1"
    >
      <div
        class="dialog"
        style="display: none;"
      >
        <div
          class="card"
          data-ripple="false"
          style="height: auto;"
        >
          <div
            class="card__title headline"
          >
            フィードバック
          </div>
          <div
            class="card__text"
          >
            <span>
              Issue/Pull Request大歓迎です。GitHubアカウントをお持ちの方は
            </span>
            <a
              href="https://github.com/ukatama/nekotaku/issues"
              target="_blank"
            >
              こちら
            </a>
            <span>
              から作成して下さい。
            </span>
          </div>
          <div
            class="card__text"
          >
            <a
              target="_blank"
            >
              こちらのフォーム
            </a>
            <span>
              もご利用下さい。GitHubアカウントのない方でもご意見・ご要望・不具合報告などをご送信いただけます。
            </span>
          </div>
          <div
            class="card__actions"
          >
            <div
              class="spacer"
            />
            <button
              class="btn primary"
              data-ripple="true"
              type="button"
            >
              <div
                class="btn__content"
              >
                閉じる
              </div>
            </button>
          </div>
        </div>
      </div>
    </div>
  </div>
</div>
`;
