// Jest Snapshot v1, https://goo.gl/fbAQLP

exports[`RoomPage should be RoomPage 1`] = `
<div
  class="app"
>
  <nav
    class="primary app-bar toolbar toolbar--fixed theme--dark"
    style="margin-top: 0px;"
  >
    <div
      class="toolbar__content"
      style="height: 56px;"
    >
      <img
        src="/img/nekokoro32.png"
      />
      <div
        class="toolbar__title"
      >
        <div
          class="layout row"
        >
          <!---->
          <div>
            卓01 (パスワード:pass)
          </div>
        </div>
      </div>
      <div
        class="spacer"
      />
      <div
        class="menu mr-0"
        style="display: inline-block;"
      >
        <div
          class="menu__activator"
        >
          <button
            class="btn btn--icon"
            data-ripple="true"
            type="button"
          >
            <div
              class="btn__content"
            >
              <i
                aria-hidden="true"
                class="material-icons icon"
              >
                more_vert
              </i>
            </div>
          </button>
        </div>
        <div
          class="menu__content"
          style="max-height: auto; min-width: 0px; max-width: auto; top: 12px; left: 0px; z-index: 0; display: none;"
        >
          <ul
            class="pt-0 list"
            data-uid="7"
          >
            <li>
              <a
                class="list__tile list__tile--link"
                data-ripple="false"
              >
                <div
                  class="list__tile__action"
                >
                  <i
                    aria-hidden="true"
                    class="mdi icon mdi-settings"
                  />
                </div>
                <div
                  class="list__tile__content"
                >
                  <div
                    class="list__tile__title"
                  >
                    卓設定
                  </div>
                </div>
              </a>
            </li>
            <li>
              <a
                class="list__tile list__tile--link"
                data-ripple="false"
              >
                <div
                  class="list__tile__action"
                >
                  <i
                    aria-hidden="true"
                    class="material-icons icon"
                  >
                    lock
                  </i>
                </div>
                <div
                  class="list__tile__content"
                >
                  <div
                    class="list__tile__title"
                  >
                    パスワード設定
                  </div>
                </div>
              </a>
            </li>
            <li
              disabled="disabled"
            >
              <a
                class="list__tile list__tile--link list__tile--disabled"
                data-ripple="false"
                disabled="disabled"
              >
                <div
                  class="list__tile__action"
                >
                  <i
                    aria-hidden="true"
                    class="material-icons icon"
                  >
                    lock_open
                  </i>
                </div>
                <div
                  class="list__tile__content"
                >
                  <div
                    class="list__tile__title"
                  >
                    パスワード解除
                  </div>
                </div>
              </a>
            </li>
            <li>
              <a
                class="list__tile list__tile--link"
                data-ripple="false"
              >
                <div
                  class="list__tile__action"
                >
                  <i
                    aria-hidden="true"
                    class="mdi icon mdi-settings"
                  />
                </div>
                <div
                  class="list__tile__content"
                >
                  <div
                    class="list__tile__title"
                  >
                    卓削除
                  </div>
                </div>
              </a>
            </li>
            <hr
              class="divider"
            />
            <li>
              <a
                class="list__tile list__tile--link"
                data-ripple="false"
              >
                <div
                  class="list__tile__action"
                >
                  <i
                    aria-hidden="true"
                    class="mdi icon mdi-file-export"
                  />
                </div>
                <div
                  class="list__tile__content"
                >
                  <div
                    class="list__tile__title"
                  >
                    ログ保存
                  </div>
                </div>
              </a>
            </li>
            <hr
              class="divider"
            />
            <li>
              <a
                class="list__tile list__tile--link"
                data-ripple="false"
              >
                <div
                  class="list__tile__action"
                >
                  <i
                    aria-hidden="true"
                    class="mdi icon mdi-logout"
                  />
                </div>
                <div
                  class="list__tile__content"
                >
                  <div
                    class="list__tile__title"
                  >
                    卓から出る
                  </div>
                </div>
              </a>
            </li>
            <hr
              class="divider"
            />
            <li>
              <a
                class="list__tile list__tile--link"
                data-ripple="false"
              >
                <div
                  class="list__tile__action"
                >
                  <i
                    aria-hidden="true"
                    class="material-icons icon"
                  >
                    star
                  </i>
                </div>
                <div
                  class="list__tile__content"
                >
                  <div
                    class="list__tile__title"
                  >
                    フィードバック
                  </div>
                </div>
              </a>
            </li>
            <li>
              <a
                class="list__tile list__tile--link"
                data-ripple="false"
              >
                <div
                  class="list__tile__action"
                >
                  <i
                    aria-hidden="true"
                    class="mdi icon mdi-update"
                  />
                </div>
                <div
                  class="list__tile__content"
                >
                  <div
                    class="list__tile__title"
                  >
                    更新履歴
                  </div>
                </div>
              </a>
            </li>
          </ul>
          <div
            class="dialog__container"
            style="display: block;"
          >
            <div
              class="dialog__content"
              style="z-index: 0;"
              tabindex="-1"
            >
              <div
                class="dialog"
                style="display: none;"
              >
                <div
                  class="card"
                  data-ripple="false"
                  style="height: auto;"
                >
                  <div
                    class="card__title"
                  >
                    <span
                      class="headline"
                    >
                      卓設定
                    </span>
                  </div>
                  <div
                    class="card__text"
                  >
                    <div
                      class="input-group input-group--dirty input-group--required input-group--text-field primary--text"
                    >
                      <label>
                        タイトル
                      </label>
                      <div
                        class="input-group__input"
                      >
                        <input
                          aria-label="タイトル"
                          required=""
                          tabindex="0"
                          type="text"
                        />
                      </div>
                      <div
                        class="input-group__details"
                      >
                        <div
                          class="input-group__messages"
                        />
                      </div>
                    </div>
                    <div
                      class="input-group input-group--append-icon input-group--required input-group--text-field input-group--select input-group--autocomplete primary--text"
                      tabindex="-1"
                    >
                      <label>
                        ダイスの種類
                      </label>
                      <div
                        class="input-group__input"
                      >
                        <div
                          class="input-group__selections"
                          style="overflow: hidden;"
                        >
                          <input
                            autocomplete="on"
                            class="input-group--select__autocomplete"
                            role="combobox"
                            tabindex="0"
                          />
                        </div>
                        <div
                          class="menu"
                          style="display: inline-block;"
                        >
                          <div
                            class="menu__content menu__content--select   menu__content--autocomplete"
                            style="max-height: 300px; min-width: 0px; max-width: auto; top: 12px; left: 0px; z-index: 0; display: none;"
                          >
                            <div
                              class="card"
                              data-ripple="false"
                              style="height: auto;"
                            >
                              <ul
                                class="list"
                                data-uid="25"
                              >
                                <li>
                                  <a
                                    class="list__tile list__tile--link"
                                    data-ripple="true"
                                  >
                                    <div
                                      class="list__tile__content"
                                    >
                                      <div
                                        class="list__tile__title"
                                      >
                                        DiceBot
                                      </div>
                                    </div>
                                  </a>
                                </li>
                              </ul>
                            </div>
                          </div>
                        </div>
                        <i
                          aria-hidden="true"
                          class="material-icons icon input-group__append-icon input-group__icon-cb"
                        >
                          arrow_drop_down
                        </i>
                      </div>
                      <div
                        class="input-group__details"
                      >
                        <div
                          class="input-group__messages"
                        />
                      </div>
                    </div>
                    <div
                      class="input-group input-group--dirty input-group--placeholder input-group--text-field primary--text"
                    >
                      <label>
                        キャラクター属性
                      </label>
                      <div
                        class="input-group__input"
                      >
                        <input
                          aria-label="キャラクター属性"
                          placeholder="例: HP,MP,SP"
                          tabindex="0"
                          type="text"
                        />
                      </div>
                      <div
                        class="input-group__details"
                      >
                        <div
                          class="input-group__messages"
                        />
                      </div>
                    </div>
                  </div>
                  <div
                    class="card__actions"
                  >
                    <div
                      class="spacer"
                    />
                    <button
                      class="btn"
                      data-ripple="true"
                      type="button"
                    >
                      <div
                        class="btn__content"
                      >
                        閉じる
                      </div>
                    </button>
                  </div>
                </div>
              </div>
            </div>
          </div>
          <div
            class="dialog__container"
            style="display: block;"
          >
            <div
              class="dialog__content"
              style="z-index: 0;"
              tabindex="-1"
            >
              <div
                class="dialog"
                style="display: none;"
              >
                <div
                  class="card"
                  data-ripple="false"
                  style="height: auto;"
                >
                  <div
                    class="card__title"
                  >
                    <span
                      class="headline"
                    >
                      パスワード解除
                    </span>
                  </div>
                  <div
                    class="card__text"
                  >
                    <div>
                      パスワードを解除しますか？
                    </div>
                    <div>
                      誰でも卓に入れるようになります。
                    </div>
                  </div>
                  <div
                    class="card__actions"
                  >
                    <div
                      class="spacer"
                    />
                    <button
                      class="warning btn"
                      data-ripple="true"
                      type="button"
                    >
                      <div
                        class="btn__content"
                      >
                        解除
                      </div>
                    </button>
                    <button
                      class="btn"
                      data-ripple="true"
                      type="button"
                    >
                      <div
                        class="btn__content"
                      >
                        キャンセル
                      </div>
                    </button>
                  </div>
                </div>
              </div>
            </div>
          </div>
          <div
            class="dialog__container"
            style="display: block;"
          >
            <div
              class="dialog__content"
              style="z-index: 0;"
              tabindex="-1"
            >
              <div
                class="dialog"
                style="display: none;"
              >
                <div
                  class="card"
                  data-ripple="false"
                  style="height: auto;"
                >
                  <div
                    class="card__title"
                  >
                    <span
                      class="headline"
                    >
                      パスワード設定
                    </span>
                  </div>
                  <div
                    class="card__text"
                  >
                    <form
                      novalidate="novalidate"
                    >
                      <div
                        class="input-group input-group--required input-group--text-field primary--text"
                      >
                        <label>
                          新しいパスワード
                        </label>
                        <div
                          class="input-group__input"
                        >
                          <input
                            aria-label="新しいパスワード"
                            required=""
                            tabindex="0"
                            type="password"
                          />
                        </div>
                        <div
                          class="input-group__details"
                        >
                          <div
                            class="input-group__messages"
                          />
                        </div>
                      </div>
                      <div
                        class="input-group input-group--required input-group--text-field primary--text"
                      >
                        <label>
                          パスワードの確認
                        </label>
                        <div
                          class="input-group__input"
                        >
                          <input
                            aria-label="パスワードの確認"
                            required=""
                            tabindex="0"
                            type="password"
                          />
                        </div>
                        <div
                          class="input-group__details"
                        >
                          <div
                            class="input-group__messages"
                          />
                        </div>
                      </div>
                    </form>
                  </div>
                  <div
                    class="card__actions"
                  >
                    <div
                      class="spacer"
                    />
                    <button
                      class="primary btn btn--disabled"
                      data-ripple="true"
                      disabled="disabled"
                      type="button"
                    >
                      <div
                        class="btn__content"
                      >
                        設定
                      </div>
                    </button>
                    <button
                      class="btn"
                      data-ripple="true"
                      type="button"
                    >
                      <div
                        class="btn__content"
                      >
                        キャンセル
                      </div>
                    </button>
                  </div>
                </div>
              </div>
            </div>
          </div>
          <div
            class="dialog__container"
            style="display: block;"
          >
            <div
              class="dialog__content"
              style="z-index: 0;"
              tabindex="-1"
            >
              <div
                class="dialog"
                style="display: none;"
              >
                <div
                  class="card"
                  data-ripple="false"
                  style="height: auto;"
                >
                  <div
                    class="card__title"
                  >
                    <span
                      class="hadline"
                    >
                      卓の削除
                    </span>
                  </div>
                  <div
                    class="card__text"
                  >
                    <div>
                      卓を削除しますか？
                    </div>
                    <div>
                      ※元には戻せません。
                    </div>
                  </div>
                  <div
                    class="card__actions"
                  >
                    <div
                      class="spacer"
                    />
                    <button
                      class="btn error"
                      data-ripple="true"
                      type="button"
                    >
                      <div
                        class="btn__content"
                      >
                        削除
                      </div>
                    </button>
                    <button
                      class="btn"
                      data-ripple="true"
                      type="button"
                    >
                      <div
                        class="btn__content"
                      >
                        やめる
                      </div>
                    </button>
                  </div>
                </div>
              </div>
            </div>
          </div>
          <div
            class="dialog__container"
            style="display: block;"
          >
            <div
              class="dialog__content"
              style="z-index: 0;"
              tabindex="-1"
            >
              <div
                class="dialog"
                style="display: none;"
              >
                <div
                  class="card"
                  data-ripple="false"
                  style="height: auto;"
                >
                  <div
                    class="card__text"
                  >
                    <div
                      class="loading-container"
                    >
                      <div
                        class="primary--text progress-circular progress-circular--indeterminate"
                        style="height: 50px; width: 50px;"
                      >
                        <svg
                          viewBox="25 25 50 50"
                          xmlns="http://www.w3.org/2000/svg"
                        >
                          <circle
                            class="progress-circular__overlay"
                            cx="50"
                            cy="50"
                            fill="transparent"
                            r="20"
                            stroke-dasharray="125.664"
                            stroke-dashoffset="125.66370614359172px"
                            stroke-width="4"
                          />
                        </svg>
                        <div
                          class="progress-circular__info"
                        />
                      </div>
                      <div
                        class="py-2"
                      >
                        なう、ろーでぃんぐ。
                      </div>
                    </div>
                  </div>
                  <div
                    class="card__actions"
                  >
                    <div
                      class="spacer"
                    />
                    <button
                      class="btn primary"
                      data-ripple="true"
                      type="button"
                    >
                      <div
                        class="btn__content"
                      >
                        閉じる
                      </div>
                    </button>
                  </div>
                </div>
              </div>
            </div>
          </div>
          <div
            class="dialog__container"
            style="display: block;"
          >
            <div
              class="dialog__content"
              style="z-index: 0;"
              tabindex="-1"
            >
              <div
                class="dialog"
                style="display: none;"
              >
                <div
                  class="card"
                  data-ripple="false"
                  style="height: auto;"
                >
                  <div
                    class="card__title headline"
                  >
                    フィードバック
                  </div>
                  <div
                    class="card__text"
                  >
                    <span>
                      Issue/Pull Request大歓迎です。GitHubアカウントをお持ちの方は
                    </span>
                    <a
                      href="https://github.com/ukatama/nekotaku/issues"
                      target="_blank"
                    >
                      こちら
                    </a>
                    <span>
                      から作成して下さい。
                    </span>
                  </div>
                  <div
                    class="card__text"
                  >
                    <a
                      target="_blank"
                    >
                      こちらのフォーム
                    </a>
                    <span>
                      もご利用下さい。GitHubアカウントのない方でもご意見・ご要望・不具合報告などをご送信いただけます。
                    </span>
                  </div>
                  <div
                    class="card__actions"
                  >
                    <div
                      class="spacer"
                    />
                    <button
                      class="btn primary"
                      data-ripple="true"
                      type="button"
                    >
                      <div
                        class="btn__content"
                      >
                        閉じる
                      </div>
                    </button>
                  </div>
                </div>
              </div>
            </div>
          </div>
        </div>
      </div>
    </div>
  </nav>
  <main>
    <div
      class="floating fixed"
    >
      <div
        class="room-list-info room-info-list"
      >
        <div
          class="dialog__container"
          style="display: block;"
        >
          <div
            class="dialog__content"
            style="z-index: 0;"
            tabindex="-1"
          >
            <div
              class="dialog"
              style="display: none;"
            >
              <div
                class="card"
                data-ripple="false"
                style="height: auto;"
              >
                <div
                  class="card__title"
                >
                  <span
                    class="headline"
                  >
                    
                  </span>
                </div>
                <div
                  class="card__text neko-scroll"
                />
                <div
                  class="card__actions"
                >
                  <div
                    class="spacer"
                  />
                  <button
                    class="btn"
                    data-ripple="true"
                    type="button"
                  >
                    <div
                      class="btn__content"
                    >
                      閉じる
                    </div>
                  </button>
                </div>
              </div>
            </div>
          </div>
        </div>
        <span
          class="chip pl-0 mr-0 indigo chip--small"
          tabindex="0"
        >
          <span
            class="chip__content"
          >
            <i
              aria-hidden="true"
              class="mdi icon mx-1 theme--dark mdi-dice-multiple"
            />
            <span
              class="white--text"
            >
              SwordWorld2_0
            </span>
          </span>
        </span>
        <span
          class="chip pl-0 mr-0 green chip--small"
          tabindex="0"
        >
          <span
            class="chip__content"
          >
            <i
              aria-hidden="true"
              class="mdi icon mx-1 theme--dark mdi-account-multiple"
            />
            <span
              class="white--text"
            >
              3
            </span>
          </span>
        </span>
        <span
          class="chip pl-0 mr-0 orange chip--small"
          tabindex="0"
        >
          <span
            class="chip__content"
          >
            <i
              aria-hidden="true"
              class="mdi icon mx-1 theme--dark mdi-clock"
            />
            <span
              class="white--text"
            >
              2017年9月23日 15:00
            </span>
          </span>
        </span>
      </div>
    </div>
    <div
      class="container slide-absolute"
    >
      <div
        class="elevation-1 my-3 card"
        data-ripple="false"
        style="height: auto; color: rgb(33, 150, 243);"
      >
        <div
          class="card__title px-2 pt-2 pb-1"
        >
          <div>
            ありす
          </div>
          <div
            class="spacer"
          />
          <div
            class="caption"
          >
            数秒前
          </div>
        </div>
        <hr
          class="divider"
        />
        <div
          class="card__text pa-2"
        >
          <div>
            <div>
              <div>
                メッセージ01
              </div>
            </div>
          </div>
        </div>
      </div>
      <div
        class="elevation-1 my-3 card"
        data-ripple="false"
        style="height: auto; color: rgb(233, 30, 99);"
      >
        <div
          class="card__title px-2 pt-2 pb-1"
        >
          <div>
            ぼぶ
          </div>
          <div
            class="spacer"
          />
          <div
            class="caption"
          >
            数秒前
          </div>
        </div>
        <hr
          class="divider"
        />
        <div
          class="card__text pa-2"
        >
          <div>
            <div>
              <div>
                メッセージ02
              </div>
            </div>
          </div>
        </div>
      </div>
      <div
        class="elevation-1 my-3 card"
        data-ripple="false"
        style="height: auto; color: black;"
      >
        <div
          class="card__title px-2 pt-2 pb-1"
        >
          <div>
            しゃーりー
          </div>
          <div
            class="spacer"
          />
          <div
            class="caption"
          >
            数秒前
          </div>
        </div>
        <hr
          class="divider"
        />
        <div
          class="card__text pa-2"
        >
          <div>
            <div>
              <div>
                メッセージ03
              </div>
            </div>
            <div>
              <div>
                メッセージ04
              </div>
            </div>
            <div>
              <div>
                メッセージ05
              </div>
            </div>
          </div>
        </div>
      </div>
      <div
        class="elevation-1 my-3 card"
        data-ripple="false"
        style="height: auto; color: black;"
      >
        <div
          class="card__title px-2 pt-2 pb-1"
        >
          <div>
            しゃーりー
          </div>
          <div
            class="spacer"
          />
          <div
            class="caption"
          >
            数秒前
          </div>
        </div>
        <hr
          class="divider"
        />
        <div
          class="card__text pa-2"
        >
          <div>
            <div>
              <div>
                メッセージ03
              </div>
            </div>
            <div>
              <div>
                メッセージ04
              </div>
            </div>
            <div>
              <div>
                メッセージ05
              </div>
            </div>
          </div>
        </div>
      </div>
      <div
        class="elevation-1 my-3 card"
        data-ripple="false"
        style="height: auto; color: black;"
      >
        <div
          class="card__title px-2 pt-2 pb-1"
        >
          <div>
            しゃーりー
          </div>
          <div
            class="spacer"
          />
          <div
            class="caption"
          >
            数秒前
          </div>
        </div>
        <hr
          class="divider"
        />
        <div
          class="card__text pa-2"
        >
          <div>
            <div>
              <div>
                メッセージ03
              </div>
            </div>
            <div>
              <div>
                2D6+3&gt;=8
              </div>
            </div>
            <div>
              <div>
                メッセージ05
              </div>
            </div>
            <div>
              <div
                class="my-2 card theme--dark green"
                data-ripple="false"
                style="height: auto;"
              >
                <div
                  class="card__title caption px-2 pt-2 pb-0"
                >
                  SwordWorld2.0
                </div>
                <div
                  class="card__text pa-2"
                >
                  (2D6+3&gt;=8) ＞ 12[6,6]+3 ＞ 15 ＞ 自動的成功
                </div>
              </div>
            </div>
          </div>
        </div>
      </div>
    </div>
    <div
      class="portrait-panel"
    >
      <div>
        <img
          class="portrait"
          src="/sample/p1a.png"
          style="opacity: 1;"
        />
        <img
          class="portrait"
          src="/sample/p2a.png"
          style="opacity: 0.5;"
        />
      </div>
    </div>
    <div
      class="neko-dice-panel"
    />
    <div
      class="pb-2 room-tab-control card"
      data-ripple="false"
      style="height: auto;"
    >
      <div
        class="layout row align-end"
      >
        <div
          class="menu"
          style="display: inline-block;"
        >
          <div
            class="menu__activator"
          >
            <button
              class="my-0 btn btn--icon"
              data-ripple="true"
              type="button"
            >
              <div
                class="btn__content"
              >
                <i
                  aria-hidden="true"
                  class="material-icons icon"
                >
                  more_vert
                </i>
              </div>
            </button>
          </div>
          <div
            class="menu__content"
            style="max-height: auto; min-width: 0px; max-width: auto; top: 12px; left: 0px; z-index: 0; display: none;"
          >
            <ul
              class="list"
              data-uid="109"
            >
              <li>
                <a
                  class="list__tile list__tile--link"
                  data-ripple="false"
                >
                  <div
                    class="list__tile__action"
                  >
                    <i
                      aria-hidden="true"
                      class="material-icons icon"
                    >
                      palette
                    </i>
                  </div>
                  <div
                    class="list__tile__content"
                  >
                    <div
                      class="list__tile__title"
                    >
                      チャットパレット
                    </div>
                  </div>
                </a>
              </li>
              <li>
                <a
                  class="list__tile list__tile--link"
                  data-ripple="false"
                >
                  <div
                    class="list__tile__action"
                  >
                    <i
                      aria-hidden="true"
                      class="mdi icon mdi-message-settings-variant"
                    />
                  </div>
                  <div
                    class="list__tile__content"
                  >
                    <div
                      class="list__tile__title"
                    >
                      チャット設定
                    </div>
                  </div>
                </a>
              </li>
            </ul>
          </div>
        </div>
        <div
          class="flex"
        >
          <div
            class="message-body input-group input-group--hide-details input-group--text-field input-group--multi-line primary--text"
            style="color: rgb(0, 0, 0);"
          >
            <label>
              ななしさん
            </label>
            <div
              class="input-group__input"
            >
              <textarea
                aria-label="ななしさん"
                rows="1"
                tabindex="0"
              />
            </div>
            <div
              class="input-group__details"
            />
          </div>
        </div>
        <button
          class="my-0 pl-1 btn btn--icon theme--dark primary"
          data-ripple="true"
          type="button"
        >
          <div
            class="btn__content"
          >
            <i
              aria-hidden="true"
              class="material-icons icon"
            >
              send
            </i>
          </div>
        </button>
      </div>
      <div
        class="dialog__container"
        style="display: block;"
      >
        <div
          class="dialog__content"
          style="z-index: 0;"
          tabindex="-1"
        >
          <div
            class="dialog"
            style="display: none;"
          >
            <div
              class="card"
              data-ripple="false"
              style="height: auto;"
            >
              <div
                class="card__title"
              >
                <span
                  class="headline"
                >
                  チャット設定
                </span>
              </div>
              <div
                class="card__text pb-0"
              >
                <div
                  class="input-group input-group--dirty input-group--required input-group--text-field primary--text"
                >
                  <label>
                    名前
                  </label>
                  <div
                    class="input-group__input"
                  >
                    <input
                      aria-label="名前"
                      required=""
                      tabindex="0"
                      type="text"
                    />
                  </div>
                  <div
                    class="input-group__details"
                  >
                    <div
                      class="input-group__messages"
                    />
                  </div>
                </div>
              </div>
              <div
                class="card__text"
              >
                <div
                  class="mb-1"
                >
                  文字色
                </div>
                <div
                  class="layout row"
                  required="required"
                >
                  <div
                    class="flex xs6"
                  >
                    <div
                      class="input-group input-group--append-icon input-group--text-field input-group--select primary--text"
                      role="combobox"
                      tabindex="0"
                    >
                      <label>
                        色
                      </label>
                      <div
                        class="input-group__input"
                      >
                        <div
                          class="input-group__selections"
                          style="overflow: hidden;"
                        >
                          <input
                            class="input-group--select__autocomplete"
                            disabled="disabled"
                            style="display: none;"
                            tabindex="-1"
                          />
                        </div>
                        <div
                          class="menu"
                          style="display: inline-block;"
                        >
                          <div
                            class="menu__content menu__content--select"
                            style="max-height: 300px; min-width: 0px; max-width: auto; top: 18px; left: 0px; z-index: 0; display: none;"
                          >
                            <div
                              class="card"
                              data-ripple="false"
                              style="height: auto;"
                            >
                              <ul
                                class="list"
                                data-uid="125"
                              >
                                <li>
                                  <a
                                    class="list__tile list__tile--link"
                                    data-ripple="true"
                                  >
                                    <div
                                      class="fill"
                                      style="background-color: rgb(244, 67, 54);"
                                    />
                                  </a>
                                </li>
                                <li>
                                  <a
                                    class="list__tile list__tile--link"
                                    data-ripple="true"
                                  >
                                    <div
                                      class="fill"
                                      style="background-color: rgb(233, 30, 99);"
                                    />
                                  </a>
                                </li>
                                <li>
                                  <a
                                    class="list__tile list__tile--link"
                                    data-ripple="true"
                                  >
                                    <div
                                      class="fill"
                                      style="background-color: rgb(156, 39, 176);"
                                    />
                                  </a>
                                </li>
                                <li>
                                  <a
                                    class="list__tile list__tile--link"
                                    data-ripple="true"
                                  >
                                    <div
                                      class="fill"
                                      style="background-color: rgb(103, 58, 183);"
                                    />
                                  </a>
                                </li>
                                <li>
                                  <a
                                    class="list__tile list__tile--link"
                                    data-ripple="true"
                                  >
                                    <div
                                      class="fill"
                                      style="background-color: rgb(63, 81, 181);"
                                    />
                                  </a>
                                </li>
                                <li>
                                  <a
                                    class="list__tile list__tile--link"
                                    data-ripple="true"
                                  >
                                    <div
                                      class="fill"
                                      style="background-color: rgb(33, 150, 243);"
                                    />
                                  </a>
                                </li>
                                <li>
                                  <a
                                    class="list__tile list__tile--link"
                                    data-ripple="true"
                                  >
                                    <div
                                      class="fill"
                                      style="background-color: rgb(3, 169, 244);"
                                    />
                                  </a>
                                </li>
                                <li>
                                  <a
                                    class="list__tile list__tile--link"
                                    data-ripple="true"
                                  >
                                    <div
                                      class="fill"
                                      style="background-color: rgb(0, 188, 212);"
                                    />
                                  </a>
                                </li>
                                <li>
                                  <a
                                    class="list__tile list__tile--link"
                                    data-ripple="true"
                                  >
                                    <div
                                      class="fill"
                                      style="background-color: rgb(0, 150, 136);"
                                    />
                                  </a>
                                </li>
                                <li>
                                  <a
                                    class="list__tile list__tile--link"
                                    data-ripple="true"
                                  >
                                    <div
                                      class="fill"
                                      style="background-color: rgb(76, 175, 80);"
                                    />
                                  </a>
                                </li>
                                <li>
                                  <a
                                    class="list__tile list__tile--link"
                                    data-ripple="true"
                                  >
                                    <div
                                      class="fill"
                                      style="background-color: rgb(139, 195, 74);"
                                    />
                                  </a>
                                </li>
                                <li>
                                  <a
                                    class="list__tile list__tile--link"
                                    data-ripple="true"
                                  >
                                    <div
                                      class="fill"
                                      style="background-color: rgb(205, 220, 57);"
                                    />
                                  </a>
                                </li>
                                <li>
                                  <a
                                    class="list__tile list__tile--link"
                                    data-ripple="true"
                                  >
                                    <div
                                      class="fill"
                                      style="background-color: rgb(255, 235, 59);"
                                    />
                                  </a>
                                </li>
                                <li>
                                  <a
                                    class="list__tile list__tile--link"
                                    data-ripple="true"
                                  >
                                    <div
                                      class="fill"
                                      style="background-color: rgb(255, 193, 7);"
                                    />
                                  </a>
                                </li>
                                <li>
                                  <a
                                    class="list__tile list__tile--link"
                                    data-ripple="true"
                                  >
                                    <div
                                      class="fill"
                                      style="background-color: rgb(255, 152, 0);"
                                    />
                                  </a>
                                </li>
                                <li>
                                  <a
                                    class="list__tile list__tile--link"
                                    data-ripple="true"
                                  >
                                    <div
                                      class="fill"
                                      style="background-color: rgb(255, 87, 34);"
                                    />
                                  </a>
                                </li>
                                <li>
                                  <a
                                    class="list__tile list__tile--link"
                                    data-ripple="true"
                                  >
                                    <div
                                      class="fill"
                                      style="background-color: rgb(121, 85, 72);"
                                    />
                                  </a>
                                </li>
                                <li>
                                  <a
                                    class="list__tile list__tile--link"
                                    data-ripple="true"
                                  >
                                    <div
                                      class="fill"
                                      style="background-color: rgb(158, 158, 158);"
                                    />
                                  </a>
                                </li>
                                <li>
                                  <a
                                    class="list__tile list__tile--link"
                                    data-ripple="true"
                                  >
                                    <div
                                      class="fill"
                                      style="background-color: rgb(96, 125, 139);"
                                    />
                                  </a>
                                </li>
                                <li>
                                  <a
                                    class="list__tile list__tile--link"
                                    data-ripple="true"
                                  >
                                    <div
                                      class="fill"
                                      style="background-color: rgb(0, 0, 0);"
                                    />
                                  </a>
                                </li>
                              </ul>
                            </div>
                          </div>
                        </div>
                        <i
                          aria-hidden="true"
                          class="material-icons icon input-group__append-icon input-group__icon-cb"
                        >
                          arrow_drop_down
                        </i>
                      </div>
                      <div
                        class="input-group__details"
                      >
                        <div
                          class="input-group__messages"
                        />
                      </div>
                    </div>
                  </div>
                  <div
                    class="flex xs6"
                  >
                    <div
                      class="input-group input-group--append-icon input-group--text-field input-group--select primary--text"
                      role="combobox"
                      tabindex="0"
                    >
                      <label>
                        明るさ
                      </label>
                      <div
                        class="input-group__input"
                      >
                        <div
                          class="input-group__selections"
                          style="overflow: hidden;"
                        >
                          <input
                            class="input-group--select__autocomplete"
                            disabled="disabled"
                            style="display: none;"
                            tabindex="-1"
                          />
                        </div>
                        <div
                          class="menu"
                          style="display: inline-block;"
                        >
                          <div
                            class="menu__content menu__content--select"
                            style="max-height: 300px; min-width: 0px; max-width: auto; top: 18px; left: 0px; z-index: 0; display: none;"
                          >
                            <div
                              class="card"
                              data-ripple="false"
                              style="height: auto;"
                            >
                              <ul
                                class="list"
                                data-uid="151"
                              >
                                <li>
                                  <a
                                    class="list__tile list__tile--link"
                                    data-ripple="true"
                                  >
                                    <div
                                      class="fill"
                                      style="background-color: rgb(0, 0, 0);"
                                    />
                                  </a>
                                </li>
                                <li>
                                  <a
                                    class="list__tile list__tile--link"
                                    data-ripple="true"
                                  >
                                    <div
                                      class="fill"
                                      style="background-color: rgba(0, 0, 0, 0.87);"
                                    />
                                  </a>
                                </li>
                                <li>
                                  <a
                                    class="list__tile list__tile--link"
                                    data-ripple="true"
                                  >
                                    <div
                                      class="fill"
                                      style="background-color: rgba(0, 0, 0, 0.87);"
                                    />
                                  </a>
                                </li>
                                <li>
                                  <a
                                    class="list__tile list__tile--link"
                                    data-ripple="true"
                                  >
                                    <div
                                      class="fill"
                                      style="background-color: rgba(0, 0, 0, 0.54);"
                                    />
                                  </a>
                                </li>
                                <li>
                                  <a
                                    class="list__tile list__tile--link"
                                    data-ripple="true"
                                  >
                                    <div
                                      class="fill"
                                      style="background-color: rgba(0, 0, 0, 0.38);"
                                    />
                                  </a>
                                </li>
                                <li>
                                  <a
                                    class="list__tile list__tile--link"
                                    data-ripple="true"
                                  >
                                    <div
                                      class="fill"
                                      style="background-color: rgba(0, 0, 0, 0.38);"
                                    />
                                  </a>
                                </li>
                                <li>
                                  <a
                                    class="list__tile list__tile--link"
                                    data-ripple="true"
                                  >
                                    <div
                                      class="fill"
                                      style="background-color: rgba(0, 0, 0, 0.38);"
                                    />
                                  </a>
                                </li>
                                <li>
                                  <a
                                    class="list__tile list__tile--link"
                                    data-ripple="true"
                                  >
                                    <div
                                      class="fill"
                                      style="background-color: rgba(0, 0, 0, 0.12);"
                                    />
                                  </a>
                                </li>
                              </ul>
                            </div>
                          </div>
                        </div>
                        <i
                          aria-hidden="true"
                          class="material-icons icon input-group__append-icon input-group__icon-cb"
                        >
                          arrow_drop_down
                        </i>
                      </div>
                      <div
                        class="input-group__details"
                      >
                        <div
                          class="input-group__messages"
                        />
                      </div>
                    </div>
                  </div>
                </div>
              </div>
              <div
                class="card__actions"
              >
                <div
                  class="spacer"
                />
                <button
                  class="btn"
                  data-ripple="true"
                  type="button"
                >
                  <div
                    class="btn__content"
                  >
                    閉じる
                  </div>
                </button>
              </div>
            </div>
          </div>
        </div>
      </div>
      <div
        class="dialog__container"
        style="display: block;"
      >
        <div
          class="dialog__content"
          style="z-index: 0;"
          tabindex="-1"
        >
          <div
            class="dialog"
            style="display: none;"
          >
            <div
              class="card"
              data-ripple="false"
              style="height: auto;"
            >
              <div
                class="card__title headline"
              >
                チャットパレット
              </div>
              <div
                class="tabs tabs--scroll-bars"
                dark="dark"
              >
                <div
                  class="tabs__items"
                >
                  <div
                    class="tabs__content"
                    id="chat-palette-0"
                    style="display: none;"
                  >
                    <ul
                      class="list"
                      data-uid="170"
                    >
                      <li>
                        <a
                          class="list__tile list__tile--link"
                          data-ripple="false"
                        >
                          <div
                            class="list__tile__content"
                          >
                            <div
                              class="list__tile__title"
                            >
                              2D6+{器用度ボーナス} 命中判定!
                            </div>
                          </div>
                          <!---->
                        </a>
                      </li>
                      <li>
                        <a
                          class="list__tile list__tile--link"
                          data-ripple="false"
                        >
                          <div
                            class="list__tile__content"
                          >
                            <div
                              class="list__tile__title"
                            >
                              2D6+{敏捷度ボーナス} 回避判定!
                            </div>
                          </div>
                          <!---->
                        </a>
                      </li>
                      <li>
                        <a
                          class="list__tile list__tile--link"
                          data-ripple="false"
                        >
                          <div
                            class="list__tile__content"
                          >
                            <div
                              class="list__tile__title"
                            >
                              //器用度ボーナス=2
                            </div>
                          </div>
                          <!---->
                        </a>
                      </li>
                      <li>
                        <a
                          class="list__tile list__tile--link"
                          data-ripple="false"
                        >
                          <div
                            class="list__tile__content"
                          >
                            <div
                              class="list__tile__title"
                            >
                              //敏捷度ボーナス=3
                            </div>
                          </div>
                          <!---->
                        </a>
                      </li>
                    </ul>
                  </div>
                </div>
              </div>
              <div
                class="card__actions"
              >
                <button
                  class="btn primary"
                  data-ripple="true"
                  type="button"
                >
                  <div
                    class="btn__content"
                  >
                    編集
                  </div>
                </button>
                <div
                  class="spacer"
                />
                <button
                  class="btn"
                  data-ripple="true"
                  type="button"
                >
                  <div
                    class="btn__content"
                  >
                    閉じる
                  </div>
                </button>
              </div>
            </div>
          </div>
        </div>
      </div>
    </div>
    <div
      class="bottom-nav bottom-nav--active white no-shadow"
      fixed="true"
    >
      <button
        class="btn btn--flat primary--text btn--active"
        data-only-child="true"
        data-ripple="true"
        data-selected="true"
        type="button"
        value="0"
      >
        <div
          class="btn__content"
        >
          <span>
            チャット
          </span>
          <i
            aria-hidden="true"
            class="mdi icon mdi-forum"
          />
        </div>
      </button>
      <button
        class="btn btn--flat primary--text"
        data-ripple="true"
        type="button"
        value="1"
      >
        <div
          class="btn__content"
        >
          <span>
            キャラクター
          </span>
          <i
            aria-hidden="true"
            class="mdi icon mdi-account-multiple"
          />
        </div>
      </button>
      <button
        class="btn btn--flat primary--text"
        data-ripple="true"
        type="button"
        value="2"
      >
        <div
          class="btn__content"
        >
          <span>
            マップ
          </span>
          <i
            aria-hidden="true"
            class="mdi icon mdi-map-marker-radius"
          />
        </div>
      </button>
    </div>
  </main>
</div>
`;
